"ewogICJzY2hlbWFfdmVyc2lvbiI6IDEsCiAgInN1Y2Nlc3MiOiB0cnVlLAogICJhZmZlY3RlZCI6IFsKICAgIHsKICAgICAgImFwcF9uYW1lIjogIlRlcm1pbmFsIiwKICAgICAgImFwcF9pZCI6ICJjb20uYXBwbGUuVGVybWluYWwiLAogICAgICAidGl0bGUiOiAicGVhY29jayDigJQgenNoIOKAlCA4MMOXMjQiLAogICAgICAicGlkIjogMTIzNCwKICAgICAgIngiOiAwLAogICAgICAieSI6IDAsCiAgICAgICJ3aWR0aCI6IDgwMCwKICAgICAgImhlaWdodCI6IDYwMCwKICAgICAgInN0YXRlIjogIm5vcm1hbCIsCiAgICAgICJzY3JlZW5faWQiOiA2OTY3ODU5MiwKICAgICAgInNjcmVlbl9uYW1lIjogIkJ1aWx0LWluIFJldGluYSBEaXNwbGF5IiwKICAgICAgImRlc2t0b3AiOiAxLAogICAgICAic2NyZWVuX3V1aWQiOiAiMzdEODgzMkEtMkQ2Ni0wMkNBLUI5RjctOEYzMEEzMDFCMjMwIgogICAgfQogIF0KfQo="