"ewogICJzY2hlbWFfdmVyc2lvbiI6IDEsCiAgInN1Y2Nlc3MiOiB0cnVlLAogICJzY3JlZW5zIjogWwogICAgewogICAgICAiaWQiOiA2OTY3ODU5MiwKICAgICAgIm5hbWUiOiAiQnVpbHQtaW4gUmV0aW5hIERpc3BsYXkiLAogICAgICAieCI6IDAsCiAgICAgICJ5IjogMCwKICAgICAgIndpZHRoIjogMjU2MCwKICAgICAgImhlaWdodCI6IDE2MDAsCiAgICAgICJpc19wcmltYXJ5IjogdHJ1ZSwKICAgICAgInV1aWQiOiAiMzdEODgzMkEtMkQ2Ni0wMkNBLUI5RjctOEYzMEEzMDFCMjMwIgogICAgfSwKICAgIHsKICAgICAgImlkIjogNDIsCiAgICAgICJuYW1lIjogIlNpZGVjYXIgRGlzcGxheSIsCiAgICAgICJ4IjogLTE5MjAsCiAgICAgICJ5IjogMCwKICAgICAgIndpZHRoIjogMTkyMCwKICAgICAgImhlaWdodCI6IDEwODAsCiAgICAgICJpc19wcmltYXJ5IjogZmFsc2UsCiAgICAgICJ1dWlkIjogIiIKICAgIH0sCiAgICB7CiAgICAgICJpZCI6IDEyMzQ1Njc4LAogICAgICAibmFtZSI6ICJERUxMIFUyNzIwUSIsCiAgICAgICJ4IjogMjU2MCwKICAgICAgInkiOiAwLAogICAgICAid2lkdGgiOiAzODQwLAogICAgICAiaGVpZ2h0IjogMjE2MCwKICAgICAgImlzX3ByaW1hcnkiOiBmYWxzZSwKICAgICAgInV1aWQiOiAiMTIzNDU2NzgtOTBBQi1DREVGLTEyMzQtNTY3ODkwQUJDREVGIgogICAgfQogIF0KfQo="